Base path: 'C:/Program Files/Unity/Hub/Editor/2022.3.23f1/Editor/Data', plugins path 'C:/Program Files/Unity/Hub/Editor/2022.3.23f1/Editor/Data/PlaybackEngines'
Cmd: initializeCompiler

Cmd: disassembleShader
 name=Nature/Terrain/Standard platform=gles3 type=4 mask=6 insize=15795 outsize=15795 ok=1

Cmd: disassembleShader
 name=Nature/Terrain/Standard platform=gles3 type=4 mask=6 insize=12074 outsize=12074 ok=1

Cmd: disassembleShader
 name=Nature/Terrain/Standard platform=gles3 type=4 mask=6 insize=10790 outsize=10790 ok=1

Cmd: disassembleShader
 name=Nature/Terrain/Standard platform=gles3 type=4 mask=6 insize=12389 outsize=12389 ok=1

Cmd: disassembleShader
 name=Nature/Terrain/Standard platform=gles3 type=4 mask=6 insize=12227 outsize=12227 ok=1

Cmd: disassembleShader
 name=Nature/Terrain/Standard platform=gles3 type=4 mask=6 insize=11804 outsize=11804 ok=1

Cmd: disassembleShader
 name=Nature/Terrain/Standard platform=gles3 type=4 mask=6 insize=14074 outsize=14074 ok=1

Cmd: disassembleShader
 name=Nature/Terrain/Standard platform=gles3 type=4 mask=6 insize=16311 outsize=16311 ok=1

Cmd: disassembleShader
 name=Nature/Terrain/Standard platform=gles3 type=4 mask=6 insize=12000 outsize=12000 ok=1

Cmd: disassembleShader
 name=Nature/Terrain/Standard platform=gles3 type=4 mask=6 insize=13062 outsize=13062 ok=1

Cmd: disassembleShader
 name=Nature/Terrain/Standard platform=gles3 type=4 mask=6 insize=13787 outsize=13787 ok=1

Cmd: disassembleShader
 name=Nature/Terrain/Standard platform=gles3 type=4 mask=6 insize=14464 outsize=14464 ok=1

Cmd: disassembleShader
 name=Nature/Terrain/Standard platform=gles3 type=4 mask=6 insize=13941 outsize=13941 ok=1

Cmd: disassembleShader
 name=Nature/Terrain/Standard platform=gles3 type=4 mask=6 insize=12320 outsize=12320 ok=1

Cmd: disassembleShader
 name=Nature/Terrain/Standard platform=gles3 type=4 mask=6 insize=15279 outsize=15279 ok=1

Cmd: disassembleShader
 name=Nature/Terrain/Standard platform=gles3 type=4 mask=6 insize=12347 outsize=12347 ok=1

Cmd: disassembleShader
 name=Nature/Terrain/Standard platform=gles3 type=4 mask=6 insize=15233 outsize=15233 ok=1

Cmd: disassembleShader
 name=Nature/Terrain/Standard platform=gles3 type=4 mask=6 insize=4828 outsize=4828 ok=1

Cmd: disassembleShader
 name=Nature/Terrain/Standard platform=gles3 type=4 mask=6 insize=4678 outsize=4678 ok=1

Cmd: compileSnippet
  insize=2326 file=Assets/DefaultResourcesExtra/Standard (Specular setup) pass=FORWARD ppOnly=0 stripLineD=0 buildPlatform=20 rsLen=0 pKW=UNITY_ENABLE_REFLECTION_BUFFERS UNITY_USE_DITHER_MASK_FOR_ALPHABLENDED_SHADOWS UNITY_PBS_USE_BRDF1 UNITY_SPECCUBE_BOX_PROJECTION UNITY_SPECCUBE_BLENDING UNITY_ENABLE_DETAIL_NORMALMAP SHADER_API_DESKTOP UNITY_LIGHT_PROBE_PROXY_VOLUME UNITY_LIGHTMAP_FULL_HDR UNITY_PASS_FORWARDBASE uKW=INSTANCING_ON DIRECTIONAL LIGHTPROBE_SH SHADOWS_SCREEN dKW=_EMISSION FOG_LINEAR FOG_EXP FOG_EXP2 _DETAIL_MULX2 _SMOOTHNESS_TEXTURE_ALBEDO_CHANNEL_A _SPECULARHIGHLIGHTS_OFF _GLOSSYREFLECTIONS_OFF _NORMALMAP _ALPHATEST_ON _ALPHABLEND_ON _ALPHAPREMULTIPLY_ON _SPECGLOSSMAP _PARALLAXMAP SHADOWS_SHADOWMASK DYNAMICLIGHTMAP_ON LIGHTMAP_ON LIGHTMAP_SHADOW_MIXING DIRLIGHTMAP_COMBINED UNITY_NO_DXT5nm UNITY_FRAMEBUFFER_FETCH_AVAILABLE UNITY_METAL_SHADOWS_USE_POINT_FILTERING UNITY_NO_SCREENSPACE_SHADOWS UNITY_PBS_USE_BRDF2 UNITY_PBS_USE_BRDF3 UNITY_NO_FULL_STANDARD_SHADER UNITY_HARDWARE_TIER1 UNITY_HARDWARE_TIER2 UNITY_HARDWARE_TIER3 UNITY_COLORSPACE_GAMMA UNITY_HALF_PRECISION_FRAGMENT_SHADER_REGISTERS UNITY_LIGHTMAP_DLDR_ENCODING UNITY_LIGHTMAP_RGBM_ENCODING UNITY_VIRTUAL_TEXTURING UNITY_PRETRANSFORM_TO_DISPLAY_ORIENTATION UNITY_ASTC_NORMALMAP_ENCODING SHADER_API_GLES30 UNITY_UNIFIED_SHADER_PRECISION_MODEL flags=0 lang=0 type=Fragment platform=d3d11 reqs=2275 mask=6 start=67 ok=1 outsize=7286

