Base path: 'C:/Program Files/Unity/Hub/Editor/2022.3.23f1/Editor/Data', plugins path 'C:/Program Files/Unity/Hub/Editor/2022.3.23f1/Editor/Data/PlaybackEngines'
Cmd: initializeCompiler

Cmd: disassembleShader
 name=Nature/Terrain/Standard platform=gles3 type=4 mask=6 insize=19903 outsize=19903 ok=1

Cmd: disassembleShader
 name=Nature/Terrain/Standard platform=gles3 type=4 mask=6 insize=18281 outsize=18281 ok=1

Cmd: disassembleShader
 name=Nature/Terrain/Standard platform=gles3 type=4 mask=6 insize=19494 outsize=19494 ok=1

Cmd: disassembleShader
 name=Nature/Terrain/Standard platform=gles3 type=4 mask=6 insize=18472 outsize=18472 ok=1

Cmd: disassembleShader
 name=Nature/Terrain/Standard platform=gles3 type=4 mask=6 insize=22264 outsize=22264 ok=1

Cmd: disassembleShader
 name=Nature/Terrain/Standard platform=gles3 type=4 mask=6 insize=16021 outsize=16021 ok=1

Cmd: disassembleShader
 name=Nature/Terrain/Standard platform=gles3 type=4 mask=6 insize=14722 outsize=14722 ok=1

Cmd: disassembleShader
 name=Nature/Terrain/Standard platform=gles3 type=4 mask=6 insize=16320 outsize=16320 ok=1

Cmd: disassembleShader
 name=Nature/Terrain/Standard platform=gles3 type=4 mask=6 insize=16175 outsize=16175 ok=1

Cmd: disassembleShader
 name=Nature/Terrain/Standard platform=gles3 type=4 mask=6 insize=15761 outsize=15761 ok=1

Cmd: disassembleShader
 name=Nature/Terrain/Standard platform=gles3 type=4 mask=6 insize=18070 outsize=18070 ok=1

Cmd: disassembleShader
 name=Nature/Terrain/Standard platform=gles3 type=4 mask=6 insize=20330 outsize=20330 ok=1

Cmd: disassembleShader
 name=Nature/Terrain/Standard platform=gles3 type=4 mask=6 insize=15971 outsize=15971 ok=1

Cmd: disassembleShader
 name=Nature/Terrain/Standard platform=gles3 type=4 mask=6 insize=17022 outsize=17022 ok=1

Cmd: disassembleShader
 name=Nature/Terrain/Standard platform=gles3 type=4 mask=6 insize=17784 outsize=17784 ok=1

Cmd: disassembleShader
 name=Nature/Terrain/Standard platform=gles3 type=4 mask=6 insize=18461 outsize=18461 ok=1

Cmd: disassembleShader
 name=Nature/Terrain/Standard platform=gles3 type=4 mask=6 insize=17938 outsize=17938 ok=1

Cmd: disassembleShader
 name=Nature/Terrain/Standard platform=gles3 type=4 mask=6 insize=18615 outsize=18615 ok=1

Cmd: disassembleShader
 name=Nature/Terrain/Standard platform=gles3 type=4 mask=6 insize=6080 outsize=6080 ok=1

Cmd: disassembleShader
 name=Nature/Terrain/Standard platform=gles3 type=4 mask=6 insize=9195 outsize=9195 ok=1

Cmd: disassembleShader
 name=Nature/Terrain/Standard platform=gles3 type=4 mask=6 insize=6107 outsize=6107 ok=1

Cmd: disassembleShader
 name=Nature/Terrain/Standard platform=gles3 type=4 mask=6 insize=9149 outsize=9149 ok=1

Cmd: disassembleShader
 name=Nature/Terrain/Standard platform=gles3 type=4 mask=6 insize=4051 outsize=4051 ok=1

Cmd: disassembleShader
 name=Nature/Terrain/Standard platform=gles3 type=4 mask=6 insize=3908 outsize=3908 ok=1

Cmd: compileSnippet
  insize=1664 file=Assets/DefaultResourcesExtra/Standard (Specular setup) pass=ShadowCaster ppOnly=0 stripLineD=0 buildPlatform=20 rsLen=0 pKW=UNITY_ENABLE_REFLECTION_BUFFERS UNITY_USE_DITHER_MASK_FOR_ALPHABLENDED_SHADOWS UNITY_PBS_USE_BRDF1 UNITY_SPECCUBE_BOX_PROJECTION UNITY_SPECCUBE_BLENDING UNITY_ENABLE_DETAIL_NORMALMAP SHADER_API_DESKTOP UNITY_LIGHT_PROBE_PROXY_VOLUME UNITY_LIGHTMAP_FULL_HDR UNITY_PASS_SHADOWCASTER uKW=INSTANCING_ON SHADOWS_DEPTH dKW=_ALPHATEST_ON _ALPHABLEND_ON _ALPHAPREMULTIPLY_ON _SPECGLOSSMAP _PARALLAXMAP SHADOWS_CUBE UNITY_NO_DXT5nm UNITY_FRAMEBUFFER_FETCH_AVAILABLE UNITY_METAL_SHADOWS_USE_POINT_FILTERING UNITY_NO_SCREENSPACE_SHADOWS UNITY_PBS_USE_BRDF2 UNITY_PBS_USE_BRDF3 UNITY_NO_FULL_STANDARD_SHADER UNITY_HARDWARE_TIER1 UNITY_HARDWARE_TIER2 UNITY_HARDWARE_TIER3 UNITY_COLORSPACE_GAMMA UNITY_HALF_PRECISION_FRAGMENT_SHADER_REGISTERS UNITY_LIGHTMAP_DLDR_ENCODING UNITY_LIGHTMAP_RGBM_ENCODING UNITY_VIRTUAL_TEXTURING UNITY_PRETRANSFORM_TO_DISPLAY_ORIENTATION UNITY_ASTC_NORMALMAP_ENCODING SHADER_API_GLES30 UNITY_UNIFIED_SHADER_PRECISION_MODEL flags=0 lang=0 type=Vertex platform=d3d11 reqs=2275 mask=6 start=137 ok=1 outsize=1678

Cmd: compileSnippet
  insize=2326 file=Assets/DefaultResourcesExtra/Standard (Specular setup) pass=FORWARD ppOnly=0 stripLineD=0 buildPlatform=20 rsLen=0 pKW=UNITY_ENABLE_REFLECTION_BUFFERS UNITY_USE_DITHER_MASK_FOR_ALPHABLENDED_SHADOWS UNITY_PBS_USE_BRDF1 UNITY_SPECCUBE_BOX_PROJECTION UNITY_SPECCUBE_BLENDING UNITY_ENABLE_DETAIL_NORMALMAP SHADER_API_DESKTOP UNITY_LIGHT_PROBE_PROXY_VOLUME UNITY_LIGHTMAP_FULL_HDR UNITY_PASS_FORWARDBASE uKW=INSTANCING_ON DIRECTIONAL LIGHTPROBE_SH dKW=FOG_LINEAR FOG_EXP FOG_EXP2 _NORMALMAP _ALPHATEST_ON _ALPHABLEND_ON _ALPHAPREMULTIPLY_ON _SPECGLOSSMAP _PARALLAXMAP SHADOWS_SHADOWMASK DYNAMICLIGHTMAP_ON LIGHTMAP_ON LIGHTMAP_SHADOW_MIXING DIRLIGHTMAP_COMBINED SHADOWS_SCREEN VERTEXLIGHT_ON UNITY_NO_DXT5nm UNITY_FRAMEBUFFER_FETCH_AVAILABLE UNITY_METAL_SHADOWS_USE_POINT_FILTERING UNITY_NO_SCREENSPACE_SHADOWS UNITY_PBS_USE_BRDF2 UNITY_PBS_USE_BRDF3 UNITY_NO_FULL_STANDARD_SHADER UNITY_HARDWARE_TIER1 UNITY_HARDWARE_TIER2 UNITY_HARDWARE_TIER3 UNITY_COLORSPACE_GAMMA UNITY_HALF_PRECISION_FRAGMENT_SHADER_REGISTERS UNITY_LIGHTMAP_DLDR_ENCODING UNITY_LIGHTMAP_RGBM_ENCODING UNITY_VIRTUAL_TEXTURING UNITY_PRETRANSFORM_TO_DISPLAY_ORIENTATION UNITY_ASTC_NORMALMAP_ENCODING SHADER_API_GLES30 UNITY_UNIFIED_SHADER_PRECISION_MODEL flags=0 lang=0 type=Vertex platform=d3d11 reqs=2275 mask=6 start=67 ok=1 outsize=2266

